Archive member included because of file (symbol)

C:\Users\elena\Desktop\RSzDMK_-kolokvijum_1\usart\Debug\libusart.a(usart.o)
                              ./main.o (usartInit)
C:\Users\elena\Desktop\RSzDMK_-kolokvijum_1\timer0\Debug\libtimer0.a(timer0.o)
                              ./main.o (timer0InteruptInit)
c:/winavr-20100110/bin/../lib/gcc/avr/4.3.3/avr5\libgcc.a(_divmodhi4.o)
                              ./arrays.o (__divmodhi4)
c:/winavr-20100110/bin/../lib/gcc/avr/4.3.3/avr5\libgcc.a(_udivmodsi4.o)
                              C:\Users\elena\Desktop\RSzDMK_-kolokvijum_1\usart\Debug\libusart.a(usart.o) (__udivmodsi4)
c:/winavr-20100110/bin/../lib/gcc/avr/4.3.3/avr5\libgcc.a(_exit.o)
                              c:/winavr-20100110/bin/../lib/gcc/avr/4.3.3/../../../../avr/lib/avr5/crtm328p.o (exit)
c:/winavr-20100110/bin/../lib/gcc/avr/4.3.3/avr5\libgcc.a(_clear_bss.o)
                              C:\Users\elena\Desktop\RSzDMK_-kolokvijum_1\usart\Debug\libusart.a(usart.o) (__do_clear_bss)
c:/winavr-20100110/bin/../lib/gcc/avr/4.3.3/avr5\libgcc.a(_udivmodhi4.o)
                              c:/winavr-20100110/bin/../lib/gcc/avr/4.3.3/avr5\libgcc.a(_divmodhi4.o) (__udivmodhi4)

Allocating common symbols
Common symbol       size              file

Rx_Buffer           0x40              C:\Users\elena\Desktop\RSzDMK_-kolokvijum_1\usart\Debug\libusart.a(usart.o)

Memory Configuration

Name             Origin             Length             Attributes
text             0x00000000         0x00020000         xr
data             0x00800060         0x0000ffa0         rw !x
eeprom           0x00810000         0x00010000         rw !x
fuse             0x00820000         0x00000400         rw !x
lock             0x00830000         0x00000400         rw !x
signature        0x00840000         0x00000400         rw !x
*default*        0x00000000         0xffffffff

Linker script and memory map

Address of section .data set to 0x800100
LOAD c:/winavr-20100110/bin/../lib/gcc/avr/4.3.3/../../../../avr/lib/avr5/crtm328p.o
LOAD ./arrays.o
LOAD ./main.o
LOAD ./pin.o
LOAD C:\Users\elena\Desktop\RSzDMK_-kolokvijum_1\usart\Debug\libusart.a
LOAD C:\Users\elena\Desktop\RSzDMK_-kolokvijum_1\timer0\Debug\libtimer0.a
LOAD c:/winavr-20100110/bin/../lib/gcc/avr/4.3.3/avr5\libgcc.a
LOAD c:/winavr-20100110/bin/../lib/gcc/avr/4.3.3/../../../../avr/lib/avr5\libc.a
LOAD c:/winavr-20100110/bin/../lib/gcc/avr/4.3.3/avr5\libgcc.a

.hash
 *(.hash)

.dynsym
 *(.dynsym)

.dynstr
 *(.dynstr)

.gnu.version
 *(.gnu.version)

.gnu.version_d
 *(.gnu.version_d)

.gnu.version_r
 *(.gnu.version_r)

.rel.init
 *(.rel.init)

.rela.init
 *(.rela.init)

.rel.text
 *(.rel.text)
 *(.rel.text.*)
 *(.rel.gnu.linkonce.t*)

.rela.text
 *(.rela.text)
 *(.rela.text.*)
 *(.rela.gnu.linkonce.t*)

.rel.fini
 *(.rel.fini)

.rela.fini
 *(.rela.fini)

.rel.rodata
 *(.rel.rodata)
 *(.rel.rodata.*)
 *(.rel.gnu.linkonce.r*)

.rela.rodata
 *(.rela.rodata)
 *(.rela.rodata.*)
 *(.rela.gnu.linkonce.r*)

.rel.data
 *(.rel.data)
 *(.rel.data.*)
 *(.rel.gnu.linkonce.d*)

.rela.data
 *(.rela.data)
 *(.rela.data.*)
 *(.rela.gnu.linkonce.d*)

.rel.ctors
 *(.rel.ctors)

.rela.ctors
 *(.rela.ctors)

.rel.dtors
 *(.rel.dtors)

.rela.dtors
 *(.rela.dtors)

.rel.got
 *(.rel.got)

.rela.got
 *(.rela.got)

.rel.bss
 *(.rel.bss)

.rela.bss
 *(.rela.bss)

.rel.plt
 *(.rel.plt)

.rela.plt
 *(.rela.plt)

.text           0x00000000      0x8d2
 *(.vectors)
 .vectors       0x00000000       0x68 c:/winavr-20100110/bin/../lib/gcc/avr/4.3.3/../../../../avr/lib/avr5/crtm328p.o
                0x00000000                __vectors
                0x00000000                __vector_default
 *(.vectors)
 *(.progmem.gcc*)
 *(.progmem*)
 .progmem.data  0x00000068       0x3b ./main.o
                0x000000a4                . = ALIGN (0x2)
 *fill*         0x000000a3        0x1 00
                0x000000a4                __trampolines_start = .
 *(.trampolines)
 .trampolines   0x000000a4        0x0 linker stubs
 *(.trampolines*)
                0x000000a4                __trampolines_end = .
 *(.jumptables)
 *(.jumptables*)
 *(.lowtext)
 *(.lowtext*)
                0x000000a4                __ctors_start = .
 *(.ctors)
                0x000000a4                __ctors_end = .
                0x000000a4                __dtors_start = .
 *(.dtors)
                0x000000a4                __dtors_end = .
 SORT(*)(.ctors)
 SORT(*)(.dtors)
 *(.init0)
 .init0         0x000000a4        0x0 c:/winavr-20100110/bin/../lib/gcc/avr/4.3.3/../../../../avr/lib/avr5/crtm328p.o
                0x000000a4                __init
 *(.init0)
 *(.init1)
 *(.init1)
 *(.init2)
 .init2         0x000000a4        0xc c:/winavr-20100110/bin/../lib/gcc/avr/4.3.3/../../../../avr/lib/avr5/crtm328p.o
 *(.init2)
 *(.init3)
 *(.init3)
 *(.init4)
 .init4         0x000000b0       0x10 c:/winavr-20100110/bin/../lib/gcc/avr/4.3.3/avr5\libgcc.a(_clear_bss.o)
                0x000000b0                __do_clear_bss
 *(.init4)
 *(.init5)
 *(.init5)
 *(.init6)
 *(.init6)
 *(.init7)
 *(.init7)
 *(.init8)
 *(.init8)
 *(.init9)
 .init9         0x000000c0        0x8 c:/winavr-20100110/bin/../lib/gcc/avr/4.3.3/../../../../avr/lib/avr5/crtm328p.o
 *(.init9)
 *(.text)
 .text          0x000000c8        0x4 c:/winavr-20100110/bin/../lib/gcc/avr/4.3.3/../../../../avr/lib/avr5/crtm328p.o
                0x000000c8                __vector_22
                0x000000c8                __vector_1
                0x000000c8                __vector_24
                0x000000c8                __vector_12
                0x000000c8                __bad_interrupt
                0x000000c8                __vector_6
                0x000000c8                __vector_3
                0x000000c8                __vector_23
                0x000000c8                __vector_25
                0x000000c8                __vector_11
                0x000000c8                __vector_13
                0x000000c8                __vector_17
                0x000000c8                __vector_19
                0x000000c8                __vector_7
                0x000000c8                __vector_5
                0x000000c8                __vector_4
                0x000000c8                __vector_9
                0x000000c8                __vector_2
                0x000000c8                __vector_21
                0x000000c8                __vector_15
                0x000000c8                __vector_8
                0x000000c8                __vector_10
                0x000000c8                __vector_16
                0x000000c8                __vector_20
 .text          0x000000cc        0x0 ./arrays.o
 .text          0x000000cc        0x0 ./main.o
 .text          0x000000cc        0x0 ./pin.o
 .text          0x000000cc        0x0 C:\Users\elena\Desktop\RSzDMK_-kolokvijum_1\usart\Debug\libusart.a(usart.o)
 .text          0x000000cc        0x0 C:\Users\elena\Desktop\RSzDMK_-kolokvijum_1\timer0\Debug\libtimer0.a(timer0.o)
 .text          0x000000cc        0x0 c:/winavr-20100110/bin/../lib/gcc/avr/4.3.3/avr5\libgcc.a(_divmodhi4.o)
 .text          0x000000cc        0x0 c:/winavr-20100110/bin/../lib/gcc/avr/4.3.3/avr5\libgcc.a(_udivmodsi4.o)
 .text          0x000000cc        0x0 c:/winavr-20100110/bin/../lib/gcc/avr/4.3.3/avr5\libgcc.a(_exit.o)
 .text          0x000000cc        0x0 c:/winavr-20100110/bin/../lib/gcc/avr/4.3.3/avr5\libgcc.a(_clear_bss.o)
 .text          0x000000cc        0x0 c:/winavr-20100110/bin/../lib/gcc/avr/4.3.3/avr5\libgcc.a(_udivmodhi4.o)
                0x000000cc                . = ALIGN (0x2)
 *(.text.*)
 .text.Element  0x000000cc       0x1a ./arrays.o
                0x000000cc                Element
 .text.Sum      0x000000e6       0x72 ./arrays.o
                0x000000e6                Sum
 .text.main     0x00000158       0x86 ./main.o
                0x00000158                main
 .text.pinSetValue
                0x000001de       0xa6 ./pin.o
                0x000001de                pinSetValue
 .text.pinInit  0x00000284       0xa6 ./pin.o
                0x00000284                pinInit
 .text.__vector_18
                0x0000032a       0x72 C:\Users\elena\Desktop\RSzDMK_-kolokvijum_1\usart\Debug\libusart.a(usart.o)
                0x0000032a                __vector_18
 .text.usartInit
                0x0000039c       0x9e C:\Users\elena\Desktop\RSzDMK_-kolokvijum_1\usart\Debug\libusart.a(usart.o)
                0x0000039c                usartInit
 .text.usartAvailable
                0x0000043a       0x12 C:\Users\elena\Desktop\RSzDMK_-kolokvijum_1\usart\Debug\libusart.a(usart.o)
                0x0000043a                usartAvailable
 .text.usartPutChar
                0x0000044c       0x2e C:\Users\elena\Desktop\RSzDMK_-kolokvijum_1\usart\Debug\libusart.a(usart.o)
                0x0000044c                usartPutChar
 .text.usartPutString
                0x0000047a       0x38 C:\Users\elena\Desktop\RSzDMK_-kolokvijum_1\usart\Debug\libusart.a(usart.o)
                0x0000047a                usartPutString
 .text.usartPutString_P
                0x000004b2       0x50 C:\Users\elena\Desktop\RSzDMK_-kolokvijum_1\usart\Debug\libusart.a(usart.o)
                0x000004b2                usartPutString_P
 .text.usartGetChar
                0x00000502       0x56 C:\Users\elena\Desktop\RSzDMK_-kolokvijum_1\usart\Debug\libusart.a(usart.o)
                0x00000502                usartGetChar
 .text.usartGetString
                0x00000558       0x62 C:\Users\elena\Desktop\RSzDMK_-kolokvijum_1\usart\Debug\libusart.a(usart.o)
                0x00000558                usartGetString
 .text.usartPeek
                0x000005ba       0x3a C:\Users\elena\Desktop\RSzDMK_-kolokvijum_1\usart\Debug\libusart.a(usart.o)
                0x000005ba                usartPeek
 .text.usartParseInt
                0x000005f4       0xb6 C:\Users\elena\Desktop\RSzDMK_-kolokvijum_1\usart\Debug\libusart.a(usart.o)
                0x000005f4                usartParseInt
 .text.__vector_14
                0x000006aa       0x56 C:\Users\elena\Desktop\RSzDMK_-kolokvijum_1\timer0\Debug\libtimer0.a(timer0.o)
                0x000006aa                __vector_14
 .text.timer0InteruptInit
                0x00000700       0x92 C:\Users\elena\Desktop\RSzDMK_-kolokvijum_1\timer0\Debug\libtimer0.a(timer0.o)
                0x00000700                timer0InteruptInit
 .text.timer0millis
                0x00000792       0x42 C:\Users\elena\Desktop\RSzDMK_-kolokvijum_1\timer0\Debug\libtimer0.a(timer0.o)
                0x00000792                timer0millis
 .text.timer0DelayMs
                0x000007d4       0x68 C:\Users\elena\Desktop\RSzDMK_-kolokvijum_1\timer0\Debug\libtimer0.a(timer0.o)
                0x000007d4                timer0DelayMs
 .text.libgcc   0x0000083c       0x26 c:/winavr-20100110/bin/../lib/gcc/avr/4.3.3/avr5\libgcc.a(_divmodhi4.o)
                0x0000083c                __divmodhi4
                0x0000083c                _div
 .text.libgcc   0x00000862       0x44 c:/winavr-20100110/bin/../lib/gcc/avr/4.3.3/avr5\libgcc.a(_udivmodsi4.o)
                0x00000862                __udivmodsi4
 .text.libgcc   0x000008a6        0x0 c:/winavr-20100110/bin/../lib/gcc/avr/4.3.3/avr5\libgcc.a(_exit.o)
 .text.libgcc   0x000008a6        0x0 c:/winavr-20100110/bin/../lib/gcc/avr/4.3.3/avr5\libgcc.a(_clear_bss.o)
 .text.libgcc   0x000008a6       0x28 c:/winavr-20100110/bin/../lib/gcc/avr/4.3.3/avr5\libgcc.a(_udivmodhi4.o)
                0x000008a6                __udivmodhi4
                0x000008ce                . = ALIGN (0x2)
 *(.fini9)
 .fini9         0x000008ce        0x0 c:/winavr-20100110/bin/../lib/gcc/avr/4.3.3/avr5\libgcc.a(_exit.o)
                0x000008ce                exit
                0x000008ce                _exit
 *(.fini9)
 *(.fini8)
 *(.fini8)
 *(.fini7)
 *(.fini7)
 *(.fini6)
 *(.fini6)
 *(.fini5)
 *(.fini5)
 *(.fini4)
 *(.fini4)
 *(.fini3)
 *(.fini3)
 *(.fini2)
 *(.fini2)
 *(.fini1)
 *(.fini1)
 *(.fini0)
 .fini0         0x000008ce        0x4 c:/winavr-20100110/bin/../lib/gcc/avr/4.3.3/avr5\libgcc.a(_exit.o)
 *(.fini0)
                0x000008d2                _etext = .

.data           0x00800100        0x0 load address 0x000008d2
                0x00800100                PROVIDE (__data_start, .)
 *(.data)
 .data          0x00800100        0x0 c:/winavr-20100110/bin/../lib/gcc/avr/4.3.3/../../../../avr/lib/avr5/crtm328p.o
 .data          0x00800100        0x0 ./arrays.o
 .data          0x00800100        0x0 ./main.o
 .data          0x00800100        0x0 ./pin.o
 .data          0x00800100        0x0 C:\Users\elena\Desktop\RSzDMK_-kolokvijum_1\usart\Debug\libusart.a(usart.o)
 .data          0x00800100        0x0 C:\Users\elena\Desktop\RSzDMK_-kolokvijum_1\timer0\Debug\libtimer0.a(timer0.o)
 .data          0x00800100        0x0 c:/winavr-20100110/bin/../lib/gcc/avr/4.3.3/avr5\libgcc.a(_divmodhi4.o)
 .data          0x00800100        0x0 c:/winavr-20100110/bin/../lib/gcc/avr/4.3.3/avr5\libgcc.a(_udivmodsi4.o)
 .data          0x00800100        0x0 c:/winavr-20100110/bin/../lib/gcc/avr/4.3.3/avr5\libgcc.a(_exit.o)
 .data          0x00800100        0x0 c:/winavr-20100110/bin/../lib/gcc/avr/4.3.3/avr5\libgcc.a(_clear_bss.o)
 .data          0x00800100        0x0 c:/winavr-20100110/bin/../lib/gcc/avr/4.3.3/avr5\libgcc.a(_udivmodhi4.o)
 *(.data*)
 *(.rodata)
 *(.rodata*)
 *(.gnu.linkonce.d*)
                0x00800100                . = ALIGN (0x2)
                0x00800100                _edata = .
                0x00800100                PROVIDE (__data_end, .)

.bss            0x00800100       0x47
                0x00800100                PROVIDE (__bss_start, .)
 *(.bss)
 .bss           0x00800100        0x0 c:/winavr-20100110/bin/../lib/gcc/avr/4.3.3/../../../../avr/lib/avr5/crtm328p.o
 .bss           0x00800100        0x0 ./arrays.o
 .bss           0x00800100        0x0 ./main.o
 .bss           0x00800100        0x0 ./pin.o
 .bss           0x00800100        0x0 C:\Users\elena\Desktop\RSzDMK_-kolokvijum_1\usart\Debug\libusart.a(usart.o)
 .bss           0x00800100        0x0 C:\Users\elena\Desktop\RSzDMK_-kolokvijum_1\timer0\Debug\libtimer0.a(timer0.o)
 .bss           0x00800100        0x0 c:/winavr-20100110/bin/../lib/gcc/avr/4.3.3/avr5\libgcc.a(_divmodhi4.o)
 .bss           0x00800100        0x0 c:/winavr-20100110/bin/../lib/gcc/avr/4.3.3/avr5\libgcc.a(_udivmodsi4.o)
 .bss           0x00800100        0x0 c:/winavr-20100110/bin/../lib/gcc/avr/4.3.3/avr5\libgcc.a(_exit.o)
 .bss           0x00800100        0x0 c:/winavr-20100110/bin/../lib/gcc/avr/4.3.3/avr5\libgcc.a(_clear_bss.o)
 .bss           0x00800100        0x0 c:/winavr-20100110/bin/../lib/gcc/avr/4.3.3/avr5\libgcc.a(_udivmodhi4.o)
 *(.bss*)
 .bss.Rx_Buffer_Size
                0x00800100        0x1 C:\Users\elena\Desktop\RSzDMK_-kolokvijum_1\usart\Debug\libusart.a(usart.o)
                0x00800100                Rx_Buffer_Size
 .bss.Rx_Buffer_First
                0x00800101        0x1 C:\Users\elena\Desktop\RSzDMK_-kolokvijum_1\usart\Debug\libusart.a(usart.o)
                0x00800101                Rx_Buffer_First
 .bss.Rx_Buffer_Last
                0x00800102        0x1 C:\Users\elena\Desktop\RSzDMK_-kolokvijum_1\usart\Debug\libusart.a(usart.o)
                0x00800102                Rx_Buffer_Last
 .bss.ms        0x00800103        0x4 C:\Users\elena\Desktop\RSzDMK_-kolokvijum_1\timer0\Debug\libtimer0.a(timer0.o)
                0x00800103                ms
 *(COMMON)
 COMMON         0x00800107       0x40 C:\Users\elena\Desktop\RSzDMK_-kolokvijum_1\usart\Debug\libusart.a(usart.o)
                0x00800107                Rx_Buffer
                0x00800147                PROVIDE (__bss_end, .)
                0x000008d2                __data_load_start = LOADADDR (.data)
                0x000008d2                __data_load_end = (__data_load_start + SIZEOF (.data))

.noinit         0x00800147        0x0
                0x00800147                PROVIDE (__noinit_start, .)
 *(.noinit*)
                0x00800147                PROVIDE (__noinit_end, .)
                0x00800147                _end = .
                0x00800147                PROVIDE (__heap_start, .)

.eeprom         0x00810000        0x0
 *(.eeprom*)
                0x00810000                __eeprom_end = .

.fuse
 *(.fuse)
 *(.lfuse)
 *(.hfuse)
 *(.efuse)

.lock
 *(.lock*)

.signature
 *(.signature*)

.stab           0x00000000      0xbb8
 *(.stab)
 .stab          0x00000000      0x8a0 C:\Users\elena\Desktop\RSzDMK_-kolokvijum_1\usart\Debug\libusart.a(usart.o)
 .stab          0x000008a0      0x318 C:\Users\elena\Desktop\RSzDMK_-kolokvijum_1\timer0\Debug\libtimer0.a(timer0.o)
                                0x4d4 (size before relaxing)

.stabstr        0x00000000      0xac2
 *(.stabstr)
 .stabstr       0x00000000      0xac2 C:\Users\elena\Desktop\RSzDMK_-kolokvijum_1\usart\Debug\libusart.a(usart.o)

.stab.excl
 *(.stab.excl)

.stab.exclstr
 *(.stab.exclstr)

.stab.index
 *(.stab.index)

.stab.indexstr
 *(.stab.indexstr)

.comment
 *(.comment)

.debug
 *(.debug)

.line
 *(.line)

.debug_srcinfo
 *(.debug_srcinfo)

.debug_sfnames
 *(.debug_sfnames)

.debug_aranges
 *(.debug_aranges)

.debug_pubnames
 *(.debug_pubnames)

.debug_info
 *(.debug_info)
 *(.gnu.linkonce.wi.*)

.debug_abbrev
 *(.debug_abbrev)

.debug_line
 *(.debug_line)

.debug_frame
 *(.debug_frame)

.debug_str
 *(.debug_str)

.debug_loc
 *(.debug_loc)

.debug_macinfo
 *(.debug_macinfo)
OUTPUT(Kolokvijum.elf elf32-avr)
LOAD linker stubs
